(subtitle-download) D:\AI_Projects\subtitle_download\src\subtitle_download>python -m subtitle_download.main                                                                                     
[info] 加载数据文件...                                                                          
[info] up.txt: 736 条, JSON: 714 条                                                             
[SKIP] 未找到匹配: SE Radio 714: Costa Alexoglou on Remote Pair Programming                     
[SKIP] 未找到匹配: Software Engineering Radio podcast - Expand Your Knowledge Base              
[SKIP] 未找到匹配: Episode-467-Kim-Carter-on-Dynamic-Application-Security-Testing               
[SKIP] 未找到匹配: SE-Radio Episode 242: Dave Thomas on Innovating Legacy Systems
[SKIP] 未找到匹配: Episode-226-Eric-Evans-on-Domain-Driven-Design-at-10-Years
[SKIP] 未找到匹配: SE-Radio-Episode-281-James-Whittaker-on-Career-Strategy
[SKIP] 未找到匹配: SE-Radio Episode 278: Peter Hilton on Naming
[SKIP] 未找到匹配: SE-Radio-Episode-273-Steve-McConnell-on-Software-Estimation
[SKIP] 未找到匹配: Episode-227:-Eric-Brewer:-The-CAP-Theorem,-Then-and-Now
[SKIP] 未找到匹配: SE-Radio Episode 290: Diogo Mónica on Docker Security
[SKIP] 未找到匹配: SE-Radio Episode 291: Morgan Wilde on LLVM
[SKIP] 未找到匹配: SE-Radio-Episode-253-Fred-George-on-Developer-Anarchy
[SKIP] 未找到匹配: SE-Radio Episode 252: Christopher Meiklejohn on CRDTs
[SKIP] 未找到匹配: SE-Radio-Show-246:-John-Wilkes-on-Borg-and-Kubernetes
[SKIP] 未找到匹配: SE-Radio Epislode 250: Jürgen Laartz and Alexander Budzier on Why Large IT Projects Fail
[SKIP] 未找到匹配: Episode 213: James Lewis on Microservices
[SKIP] 未找到匹配: Episode 210: Stefan Tilkov on Architecture and Micro Services
[SKIP] 未找到匹配: Episode 223: Joram Barrez on the Activiti Business Process Management Platform
[SKIP] 未找到匹配: Episode 209: Josiah Carlson on Redis
[SKIP] 未找到匹配: Episode 220: Jon Gifford on Logging and Logging Infrastructure
[SKIP] 未找到匹配: Episode 222: Nathan Marz on Real-Time Processing with Apache Storm
[SKIP] 未找到匹配: omegatau-60-kernreaktorenUndKraftwerke.mp3
[SKIP] 未找到匹配: Episode 186: Martin Fowler and Pramod Sadalage on Agile Database Development
[SKIP] 未找到匹配: Episode 203: Leslie Lamport on Distributed Systems
[SKIP] 未找到匹配: Episode 130: Code Visualization with Michele Lanza
[SKIP] 未找到匹配: seradio-episode130-codeVisualizationWithMicheleLanza.mp3
[SKIP] 未找到匹配: seradio-episode132-architectureMistakesWithEoinWoods_clean.mp3
[SKIP] 未找到匹配: seradio-episode71-ericMeijerOnLINQ.mp3
[SKIP] 未找到匹配: seradio-episode90-ProductLineEngineering_Pt2_CharlesKrueger.mp3
[SKIP] 未找到匹配: SE-Radio episode 352: Johanathan Nightingale on Scaling Engineering Management
[SKIP] 未找到匹配: seradio-episode97-interviewAndersHejlsberg.mp3
[info] 待下载: 206 条, 已存在跳过: 499, 无匹配跳过: 31, 无 mp3 跳过: 0
[info] 开始下载 (并发 3)...

  [FAIL] 645-vinay-tripathi-bgp-optimization.srt: no subtitle generated
ERROR: Unable to download video subtitles for 'en': HTTP Error 429: Too Many Requests 
  [FAIL] Episode-478-Satish-Mohan-on-Network-Segmentation.srt: ERROR: Unable to download video subtitles for 'en': HTTP Error 429: Too Many Requests
  [OK] Episode-475-Rey-Bango-on-Secure-Coding-Veracode.srt
  [FAIL] Episode-461-Michael-Ashburne-and-Maxwell-Huffman-on-Quality-Assurance.srt: no subtitle generated
ERROR: Unable to download video subtitles for 'en': HTTP Error 429: Too Many Requests 
  [FAIL] Episode-460-Evan-Weaver-on-FaunaDB.srt: ERROR: Unable to download video subtitles for 'en': HTTP Error 429: Too Many Requests
ERROR: Unable to download video subtitles for 'en': HTTP Error 429: Too Many Requests 
  [FAIL] Episode-458-Daniel-Roth-on-Blazor.srt: ERROR: Unable to download video subtitles for 'en': HTTP Error 429: Too Many Requests
  [FAIL] Episode-447-Michael-Perry-on-Immutable-Architecture.srt: no subtitle generated
  [FAIL] Episode-398-Apache-Kudu-with-Adar-Leiber-Dembo.srt: no subtitle generated
  [FAIL] Episode-397-Pat-Helland-on-Data-Management-with-Microservices.srt: no subtitle generated
  [FAIL] Episode-391-Jeremy-Howard-Deep-Learning-Fastai.srt: no subtitle generated
  [FAIL] SE-Radio-Episode-390-Sam-Procter-on-Security-in-Software-Design.srt: no subtitle generated
  [FAIL] Episode-387-Abhinav-Asthana-on-Designing-and-Testing-APIs.srt: no subtitle generated
ERROR: Unable to download video subtitles for 'en': HTTP Error 429: Too Many Requests 
  [FAIL] SE-Radio-Episode-234-Barry-OReilly-on-Lean-Enterprise.srt: ERROR: Unable to download video subtitles for 'en': HTTP Error 429: Too Many Requests
  [FAIL] SE-Radio-Episode-327-Glynn-Bird-on-Developer-Productivity-with-Open-Source.srt: no subtitle generated
ERROR: Unable to download video subtitles for 'en': HTTP Error 429: Too Many Requests 
  [FAIL] SE-RadioEpisode197-LarsVogel.srt: ERROR: Unable to download video subtitles for 'en': HTTP Error 429: Too Many Requests
ERROR: Unable to download video subtitles for 'en': HTTP Error 429: Too Many Requests 
  [FAIL] seradio-episode172-fosd1.srt: ERROR: Unable to download video subtitles for 'en': HTTP Error 429: Too Many Requests
  [OK] seradio-episode173-fosd2.srt
  [OK] seradio-episode155-johannesLinkLasseKoskelaTDD.srt
  [OK] seradio-episode157-hadoop.srt
  [OK] seradio-episode175-gameArchitecture.srt
  [OK] seradio-episode159-cPlusPlus0x.srt
  [OK] seradio-episode145-springIn2009.srt
  [OK] seradio-episode148-softwareArchaeology.srt
  [OK] seradio-episode139-lindaRisingFearlessChange.srt
[download]   63.00KiB at   79.98KiB/s (00:00:01)  [OK] seradio-episode156-kanbanWith_DavidAnderson.srt
  [OK] seradio-episode161-agileProductManagement.srt
  [OK] seradio-episode144-theMaxineResearchVirtualMachine.srt
[download]   31.00KiB at   87.09KiB/s (00:00:01)  [OK] seradio-episode117-branSelicOnUML.srt
  [OK] seradio-episode154-olaBiniOnIoke.srt
  [OK] GeorgVonKrogh-Open_Source.srt
[download]    7.00KiB at    1.34MiB/s (00:00:01)  [OK] ieeeTransition.srt
  [OK] seradio-episode136-pastPresentAndFutureOfMda.srt
  [OK] seradio-episode142-kevlinKlausOOP.srt
  [OK] ieeeTransition.srt
  [OK] seradio-episode166-Living_Architectures_with_John_Wiegand.srt
  [OK] seradio-episode125-performanceEngineeringWithChrisGrindstaff.srt
  [OK] seradio-episode105-lindaRisingOnRetrospectives.srt
  [OK] seradio-episode143-APIs-jimDeRivieres.srt
[download]  127.00KiB at  104.55KiB/s (00:00:02)  [OK] seradio-episode140-NewspeakGiladBraha.srt
  [OK] seradio-episode109-randyShoupOnEbayArchitecturePrinciples.srt
  [OK] seradio-episode180-leadingAgileDevelopers.srt
[download]   31.00KiB at   98.18KiB/s (00:00:01)  [OK] seradio-episode107-andrewWatsonOnOMG.srt
  [OK] seradio-episode108-simonPeytonJonesOnFunctionalProgramming.srt
  [OK] seradio-episode153-janBosch.srt
[download]   63.00KiB at  110.14KiB/s (00:00:01)  [OK] seradio-episode127-interviewJoachimMachateOnUsability.srt
  [OK] seradio-episode133-continuousIntegrationWithChrisRead.srt
  [OK] seradio-episode106-introductionToAOP.srt
  [FAIL] seradio-episode141-secondLifeJimPurbrick.srt: no subtitle generated
  [OK] seradio-episode94-osBusinessModelsWithDirkRiehle.srt
  [OK] seradio-episode118-eelcoVisserOnParsers.srt
  [OK] seradio-episode131-tomDeMarcoAndPeterHruschka.srt
  [OK] seradio-episode150-bobMartinOnSoftwareCraftsmanship.srt
[download]   63.00KiB at  114.35KiB/s (00:00:01)  [OK] seradio-episode102-relationalDatabases.srt
  [OK] episode-147-softwareDevelopmentManagerVolumeOk.srt
  [OK] seradio-episode163-stateOfTheUnion.srt
  [FAIL] seradio-episode152-misra.srt: no subtitle generated
  [OK] seradio-episode123-microsoftOSLOwithDonBoxAndDougPurdy.srt
  [OK] seradio-episode104-klausMarquartOnPluginArchitectures.srt
  [OK] seradio-episode124-OpenJDK.srt
  [OK] seradio-episode110-rolesInSoftwareEngineeringPartOne.srt
  [OK] seradio-episode89-JoeArmstrongOnErlang.srt
ERROR: Unable to download video subtitles for 'en': HTTP Error 429: Too Many Requests 
  [FAIL] seradio-episode114-christofEbertOnRequirementsEngineering.srt: ERROR: Unable to download video subtitles for 'en': HTTP Error 429: Too Many Requests
  [OK] seradio-episode149-differenceBetweenSoftware_EngineeringAndComputerScience.srt
  [OK] seradio-episode130-codeVisualization.srt
  [OK] seradio-episode103-jensColdeweyOn10YearsOfAgileExperiences.srt
  [OK] seradio-episode133-michaelNygard.srt
  [OK] seradio-episode73-realtimeSystemsWithBrucePowelDouglass.srt
  [OK] seradio-episode132-architectureMistakesWithEoinWoods.srt
  [OK] seradio-episode99-transactions.srt
  [OK] seradio-episode112-rolesInSoftwareEngineeringPartTwo.srt
  [OK] seradio-episode121-ORMappers.srt
  [OK] Episode-378-Joshua-Davies-on-Attacking-and-Securing-PKI.srt
  [OK] seradio-episode69-nicoJosuttisOnSOA.srt
  [OK] seradio-episode119-DSLsInPracticeWithJPTolvanen.srt
[download]  255.00KiB at  227.89KiB/s (00:00:02)  [OK] seradio-episode86-daveThomas.srt
  [OK] seradio-episode120-OCL.srt
  [OK] seradio-episode84-dickGabrielOnLisp.srt
  [FAIL] seradio-episode135-introductionToSoftwareConfigurationManagement.srt: no subtitle generated
  [OK] seradio-episode111-aboutus2008.srt
  [OK] seradio-episode98-stefanTilkovOnRest-fixed.srt
  [OK] seradio-episode115-architectureAnalysis.srt
  [OK] SE-Radio-Episode-353-Max-Neunhoffer-on-Multi-model-databases-and-ArangoDB.srt
  [OK] seradio-episode113-jeffMcAfferOnBuildingPlatforms.srt
[download]  511.00KiB at  323.65KiB/s (00:00:02)  [OK] Episode-369-Derek-Collison-on-Messaging-Systems-and-NATS.srt
  [OK] Episode-372-Aaron-Patterson-on-the-Ruby-Runtime.srt
  [OK] seradio-episode95-theNewGuardianWithWallAndDoernenburg.srt
[download]   31.00KiB at  127.75KiB/s (00:00:01)ERROR: Unable to download video subtitles for 'en': HTTP Error 429: Too Many Requests 
  [FAIL] seradio-episode85-olafZimmermannOnWebServices.srt: ERROR: Unable to download video subtitles for 'en': HTTP Error 429: Too Many Requests
  [OK] seradio-episode129-FSharpWihLukeHoban.srt
  [OK] seradio-episode91-kevlinHenneyOnCpp.srt
[download]  255.00KiB at  201.49KiB/s (00:00:02)  [FAIL] seradio-episode126-jetbrainsMPS.srt: no subtitle generated
  [OK] SE-Radio-Episode-356-Tim-Coulter-on-Truffle-Smart-Contracts-and-DApp-Development-with-Truffle-Truffle-Ecosystem-and-Roadmap.srt
  [OK] SE-Radio-Episode-355-Randy-Shoup-Scaling-Technology-and-Organization.srt
  [OK] seradio-episode116-jimHendlerOnTheSemanticWeb.srt
  [OK] seradio-episode122-InterviewJanosStzipanovits.srt
ERROR: Unable to download video subtitles for 'en': HTTP Error 429: Too Many Requests 
  [FAIL] Episode-374-Marcus-Blankenship-on-Motivating-Programmers.srt: ERROR: Unable to download video subtitles for 'en': HTTP Error 429: Too Many Requests
  [OK] 364-Peter-Zaitsev-on-Choosing-the-Right-Open-Source-Database.srt
  [OK] Episode-376-Justin-Richer-On-API-Security-with-OAuth-2.srt
  [OK] seradio-episode93-architectureReviewsWithRebeccaWirfsBrock.srt
  [OK] seradio-episode43-eXtremeProgramming_pt2.srt
  [OK] seradio-episode77-faultToleranceWithBobHanmer_pt1.srt
  [OK] SE-Radio-Episode-362-Simon-Riggs-on-Advanced-Features-of-PostgreSQL.srt
  [OK] seradio-episode88-singularityWithGalenHunt.srt
  [OK] seradio-episode80-osgiWithKriensAndHardgrave.srt
  [OK] seradio-episode97-interviewAndersHejlsberg-fixed.srt
  [OK] seradio-episode70-gerardMeszarosOnXUnitTestPatterns.srt
  [OK] seradio-episode87-softwareComponents.srt
  [OK] seradio-episode92-introductionToGameDevelopment.srt
  [OK] seradio-episode83-jeffDeLucaOnFeatureDrivenDevelopment.srt
  [OK] seradio-episode101-andreasZellerOnDebugging.srt
  [OK] seradio-episode96-interviewKrzysztofCzarnecki.srt
  [OK] seradio-episode78-faultToleranceWithBobHanmer_pt2.srt
[download]  127.00KiB at  144.61KiB/s (00:00:02)  [OK] seradio-episode79-smallMemoryWithWeirAndNoble.srt
  [OK] seradio-episode72-ericMeijerOnLINQ.srt
  [OK] SE-Radio-Episode-357-Adam-Barr-on-Code-Quality.srt
  [OK] seradio-episode82-largeCodebasesWithJuergenHoeller.srt
  [OK] SE-Radio-Episode-349-Gary-Rennie-on-Phoenix.srt
  [OK] seradio-episode100-softwareInSpace.srt
[download]  127.00KiB at  138.48KiB/s (00:00:02)  [OK] seradio-episode68-GCandTMwithDanGrossman.srt
  [OK] SE-Radio_Episode-350-Vivek-Ravisankar-on-HackerRank.srt
  [OK] seradio-episode90-ProductLineEngineering_Pt3_CharlesKrueger.srt
ERROR: Unable to download video subtitles for 'en': HTTP Error 429: Too Many Requests 
  [FAIL] seradio-episode65-introToEmbeddedSystems.srt: ERROR: Unable to download video subtitles for 'en': HTTP Error 429: Too Many Requests
  [OK] seradio-episode67-roundtableOnMDSDandPLE.srt
  [OK] seradio-episode71-surveyResults.srt
  [OK] seradio-episode66-garyMcGrawOnSecurity.srt
  [OK] seradio-episode74-enterpriseArchitecture_II_withWolfgangKeller.srt
  [OK] seradio-episode59-StaticCodeAnalysis.srt
  [OK] 353-bernd-rucker_microservices.srt
  [OK] Episode-375-Gabriel-Gonzalez-on-Configurationl.srt
  [OK] seradio-episode61-internalsOfGCC.srt
  [OK] seradio-episode81-erichGamma.srt
  [OK] seradio-episode63-aPatternLanguageOnDistSystemsWithHenneyAndBuschmann.srt
  [OK] seradio-episode54-frankBuschmann.srt
  [FAIL] SE-Radio-Episode-354-Avi-Kivity-on-ScyllaDB.srt: no subtitle generated
  [OK] seradio-episode53-ProductLineEngineering_Pt1.srt
  [OK] Episode-368-Bryan-Helmig-on-Managing-Distributed-Teams.srt
  [OK] seradio-episode37-extremeProgramming_pt1.srt
  [OK] Episode-373-Joel-Spolsky-on-Startups-Growth-and-Valuation.srt
  [OK] seradio-episode64-architectureAndBusinessWithLukeHohman.srt
  [OK] seradio-episode60-romanPichlerOnScrum.srt
  [OK] seradio-episode44-goetzAndHolmes.srt
  [OK] Episode-370-Chris-Richardson-on-Microservice-Patterns.srt
  [OK] seradio-episode58-ProductLineEngineering_Pt2.srt
  [OK] seradio-episode52-DSLsInRuby.srt
  [OK] 363-Jonathan-Boccara-on-Understanding-Legacy-Code.srt
  [OK] 365-Thorsten-Ball-on-Building-an-Interpreter.srt
  [OK] seradio-episode20-michaelStal.srt
  [OK] seradio-episode57-compileTimeMetaprogrammingWithLaurenceTratt.srt
  [OK] seradio-episode76-thePatternsJournal.srt
  [FAIL] SE-Radio-Episode-358-Probabilistic-Data-Structure-for-Big-Data-Problems.srt: no subtitle generated
  [OK] seradio-episode51-designByContract.srt
  [OK] seradio-episode75-theNewWebsite.srt
ERROR: Unable to download video subtitles for 'en': HTTP Error 429: Too Many Requests 
  [FAIL] seradio-episode45-ultraLargeScaleSystems.srt: ERROR: Unable to download video subtitles for 'en': HTTP Error 429: Too Many Requests
  [OK] Episode-377-Heidi-Howard-on-Distributed-Consensus.srt
[download]   63.00KiB at   85.54KiB/s (00:00:02)  [OK] seradio-episode34-enterpriseArchitectureWithAndyLongshaw.srt
  [OK] seradio-episode55-refactoring_pt2.srt
  [OK] SE-Radio-Episode-264-James-Phillips-on-Service-Discovery.srt
[download]    7.00KiB at  210.01KiB/s (00:00:01)  [OK] seradio-episode42-gregorHohpe.srt
  [OK] seradio-episode48-dragosManolescu.srt
  [OK] seradio-episode39-steveVinoski.srt
  [FAIL] seradio-episode47-gradyBooch.srt: no subtitle generated
  [OK] seradio-episode32-soa_pt2a.srt
  [OK] seradio-episode46-refactoring_pt1.srt
  [OK] seradio-episode16-mdsd_pt3.srt
  [OK] SE-Radio-Episode-360-Pete-Koomen-on-AB-Testing.srt
[download]  127.00KiB at  118.81KiB/s (00:00:02)  [OK] seradio-episode25-architecture_pt2.srt
  [OK] seradio-episode27-soa_pt1.srt
  [OK] seradio-episode33-soa_pt2b.srt
  [FAIL] SE-Radio-Episode-361-Daniel-Berg-on-Istio-Service-Mesh.srt: no subtitle generated
  [OK] seradio-episode49-dynamicLanguages.srt
  [OK] seradio-episode3-dougschmidt.srt
  [OK] seradio-episode40-wernerVogels.srt
  [OK] seradio-episode41-architecture_pt4.srt
  [OK] SE-Radio-Episode-359-Engineering-Maturity-with-Jean-Denis-Greze.srt
  [OK] seradio-episode28-typeSystems.srt
  [OK] seradio-episode24-developmentProcesses_pt1.srt
  [OK] seradio-episode15-enterpriseJava.srt
  [OK] seradio-episode14-tedNeward.srt
  [OK] seradio-episode29-concurrency_pt3.srt
  [OK] seradio-episode23-architecture_pt1.srt
  [OK] seradio-episode31-agileDocumentationWithAndreasRueping.srt
  [OK] seradio-episode26-juttaEckstein.srt
  [OK] seradio-episode38-jamesNoble.srt
  [OK] seradio-episode18-resourceManagement.srt
  [OK] seradio-episode1-patterns.srt
  [OK] SE-Radio-Episode-288-DevSecOps.srt
  [OK] seradio-episode30-architecture_pt3.srt
  [OK] seradio-episode2-dependencies.srt
  [OK] seradio-episode36-guySteele.srt
  [OK] seradio-episode4-scriptingLanguages.srt
  [OK] Episode-367-Diomidis-Spinellis-on-Debuggingl.srt
  [OK] seradio-episode35-roadmap.srt
  [OK] seradio-episode22-feedback.srt
ERROR: Unable to download video subtitles for 'en': HTTP Error 429: Too Many Requests 
  [FAIL] seradio-episode7-errorhandling.srt: ERROR: Unable to download video subtitles for 'en': HTTP Error 429: Too Many Requests
  [OK] seradio-episode50-announcementsAndRequests.srt
  [OK] seradio-episode9-remoting_pt1.srt
  [OK] seradio-episode21-errorHandling_pt2.srt
  [OK] seradio-episode10-remoting_pt2.srt
  [OK] seradio-episode19-concurrency_pt2.srt
  [OK] seradio-episode8-ericEvans.srt
  [OK] seradio-episode12-concurrency_pt1.srt
  [OK] seradio-episode13-rubyInPractice.srt
  [OK] seradio-episode11-gregorKiczales.srt
  [OK] seradio-episode5-mdsd_pt1.srt
  [OK] seradio-episode17-feedbackAndRoadmap.srt
  [OK] seradio-episode6-mdsd_pt2.srt
  [OK] seradio-episode0-about.srt
Traceback (most recent call last):
  File "<frozen runpy>", line 198, in _run_module_as_main
  File "<frozen runpy>", line 88, in _run_code
  File "D:\AI_Projects\subtitle_download\src\subtitle_download\main.py", line 376, in <module>
    main()
  File "D:\AI_Projects\subtitle_download\src\subtitle_download\main.py", line 366, in main
    f.result()
  File "C:\Users\Administrator\AppData\Roaming\uv\python\cpython-3.12-windows-x86_64-none\Lib\concurrent\futures\_base.py", line 451, in result
    self._condition.wait(timeout)
  File "C:\Users\Administrator\AppData\Roaming\uv\python\cpython-3.12-windows-x86_64-none\Lib\threading.py", line 355, in wait
    waiter.acquire()
KeyboardInterrupt
^C                                                                         python -m subtitle_download.main
[info] 加载数据文件...\AI_Projects\subtitle_download\src\subtitle_download>
[info] up.txt: 736 条, JSON: 714 条
[SKIP] 未找到匹配: SE Radio 714: Costa Alexoglou on Remote Pair Programming
[SKIP] 未找到匹配: Software Engineering Radio podcast - Expand Your Knowledge Base
[SKIP] 未找到匹配: Episode-467-Kim-Carter-on-Dynamic-Application-Security-Testing
[SKIP] 未找到匹配: SE-Radio Episode 242: Dave Thomas on Innovating Legacy Systems
[SKIP] 未找到匹配: Episode-226-Eric-Evans-on-Domain-Driven-Design-at-10-Years
[SKIP] 未找到匹配: SE-Radio-Episode-281-James-Whittaker-on-Career-Strategy
[SKIP] 未找到匹配: SE-Radio Episode 278: Peter Hilton on Naming
[SKIP] 未找到匹配: SE-Radio-Episode-273-Steve-McConnell-on-Software-Estimation
[SKIP] 未找到匹配: Episode-227:-Eric-Brewer:-The-CAP-Theorem,-Then-and-Now
[SKIP] 未找到匹配: SE-Radio Episode 290: Diogo Mónica on Docker Security
[SKIP] 未找到匹配: SE-Radio Episode 291: Morgan Wilde on LLVM
[SKIP] 未找到匹配: SE-Radio-Episode-253-Fred-George-on-Developer-Anarchy
[SKIP] 未找到匹配: SE-Radio Episode 252: Christopher Meiklejohn on CRDTs
[SKIP] 未找到匹配: SE-Radio-Show-246:-John-Wilkes-on-Borg-and-Kubernetes
[SKIP] 未找到匹配: SE-Radio Epislode 250: Jürgen Laartz and Alexander Budzier on Why Large IT Projects Fail
[SKIP] 未找到匹配: Episode 213: James Lewis on Microservices
[SKIP] 未找到匹配: Episode 210: Stefan Tilkov on Architecture and Micro Services
[SKIP] 未找到匹配: Episode 223: Joram Barrez on the Activiti Business Process Management Platform
[SKIP] 未找到匹配: Episode 209: Josiah Carlson on Redis
[SKIP] 未找到匹配: Episode 220: Jon Gifford on Logging and Logging Infrastructure
[SKIP] 未找到匹配: Episode 222: Nathan Marz on Real-Time Processing with Apache Storm
[SKIP] 未找到匹配: omegatau-60-kernreaktorenUndKraftwerke.mp3
[SKIP] 未找到匹配: Episode 186: Martin Fowler and Pramod Sadalage on Agile Database Development
[SKIP] 未找到匹配: Episode 203: Leslie Lamport on Distributed Systems
[SKIP] 未找到匹配: Episode 130: Code Visualization with Michele Lanza
[SKIP] 未找到匹配: seradio-episode130-codeVisualizationWithMicheleLanza.mp3
[SKIP] 未找到匹配: seradio-episode132-architectureMistakesWithEoinWoods_clean.mp3
[SKIP] 未找到匹配: seradio-episode71-ericMeijerOnLINQ.mp3
[SKIP] 未找到匹配: seradio-episode90-ProductLineEngineering_Pt2_CharlesKrueger.mp3
[SKIP] 未找到匹配: SE-Radio episode 352: Johanathan Nightingale on Scaling Engineering Management
[SKIP] 未找到匹配: seradio-episode97-interviewAndersHejlsberg.mp3
[info] 待下载: 29 条, 已存在跳过: 676, 无匹配跳过: 31, 无 mp3 跳过: 0
[info] 开始下载 (并发 3)...

  [FAIL] Episode-461-Michael-Ashburne-and-Maxwell-Huffman-on-Quality-Assurance.srt: no subtitle generated
[download]   63.00KiB at  116.76KiB/s (00:00:02)  [FAIL] 645-vinay-tripathi-bgp-optimization.srt: no subtitle generated
  [OK] Episode-478-Satish-Mohan-on-Network-Segmentation.srt
  [FAIL] Episode-447-Michael-Perry-on-Immutable-Architecture.srt: no subtitle generated
ERROR: Unable to download video subtitles for 'en': HTTP Error 429: Too Many Requests 
  [FAIL] Episode-458-Daniel-Roth-on-Blazor.srt: ERROR: Unable to download video subtitles for 'en': HTTP Error 429: Too Many Requests
ERROR: Unable to download video subtitles for 'en': HTTP Error 429: Too Many Requests 
  [FAIL] Episode-460-Evan-Weaver-on-FaunaDB.srt: ERROR: Unable to download video subtitles for 'en': HTTP Error 429: Too Many Requests
  [FAIL] Episode-397-Pat-Helland-on-Data-Management-with-Microservices.srt: no subtitle generated
  [FAIL] Episode-391-Jeremy-Howard-Deep-Learning-Fastai.srt: no subtitle generated
  [FAIL] Episode-398-Apache-Kudu-with-Adar-Leiber-Dembo.srt: no subtitle generated
  [FAIL] SE-Radio-Episode-390-Sam-Procter-on-Security-in-Software-Design.srt: no subtitle generated
  [FAIL] Episode-387-Abhinav-Asthana-on-Designing-and-Testing-APIs.srt: no subtitle generated
ERROR: Unable to download video subtitles for 'en': HTTP Error 429: Too Many Requests 
  [FAIL] SE-Radio-Episode-234-Barry-OReilly-on-Lean-Enterprise.srt: ERROR: Unable to download video subtitles for 'en': HTTP Error 429: Too Many Requests
  [FAIL] SE-Radio-Episode-327-Glynn-Bird-on-Developer-Productivity-with-Open-Source.srt: no subtitle generated
ERROR: Unable to download video subtitles for 'en': HTTP Error 429: Too Many Requests 
  [FAIL] SE-RadioEpisode197-LarsVogel.srt: ERROR: Unable to download video subtitles for 'en': HTTP Error 429: Too Many RequestsERROR: Unable to download video subtitles for 'en': HTTP Error 429: Too Many Requests 
  [FAIL] seradio-episode172-fosd1.srt: ERROR: Unable to download video subtitles for 'en': HTTP Error 429: Too Many Requests
  [FAIL] seradio-episode141-secondLifeJimPurbrick.srt: no subtitle generated
  [FAIL] seradio-episode152-misra.srt: no subtitle generated
ERROR: Unable to download video subtitles for 'en': HTTP Error 429: Too Many Requests 
  [FAIL] seradio-episode114-christofEbertOnRequirementsEngineering.srt: ERROR: Unable to download video subtitles for 'en': HTTP Error 429: Too Many Requests
  [FAIL] seradio-episode135-introductionToSoftwareConfigurationManagement.srt: no subtitle generated
ERROR: Unable to download video subtitles for 'en': HTTP Error 429: Too Many Requests 
  [FAIL] seradio-episode85-olafZimmermannOnWebServices.srt: ERROR: Unable to download video subtitles for 'en': HTTP Error 429: Too Many Requests
  [FAIL] seradio-episode126-jetbrainsMPS.srt: no subtitle generated
ERROR: Unable to download video subtitles for 'en': HTTP Error 429: Too Many Requests 
  [FAIL] seradio-episode65-introToEmbeddedSystems.srt: ERROR: Unable to download video subtitles for 'en': HTTP Error 429: Too Many Requests
  [FAIL] SE-Radio-Episode-354-Avi-Kivity-on-ScyllaDB.srt: no subtitle generated
ERROR: Unable to download video subtitles for 'en': HTTP Error 429: Too Many Requests 
  [FAIL] Episode-374-Marcus-Blankenship-on-Motivating-Programmers.srt: ERROR: Unable to download video subtitles for 'en': HTTP Error 429: Too Many Requests
  [FAIL] SE-Radio-Episode-358-Probabilistic-Data-Structure-for-Big-Data-Problems.srt: no subtitle generated
  [FAIL] seradio-episode47-gradyBooch.srt: no subtitle generated
ERROR: Unable to download video subtitles for 'en': HTTP Error 429: Too Many Requests 
  [FAIL] seradio-episode45-ultraLargeScaleSystems.srt: ERROR: Unable to download video subtitles for 'en': HTTP Error 429: Too Many Requests
  [FAIL] SE-Radio-Episode-361-Daniel-Berg-on-Istio-Service-Mesh.srt: no subtitle generated
ERROR: Unable to download video subtitles for 'en': HTTP Error 429: Too Many Requests 
  [FAIL] seradio-episode7-errorhandling.srt: ERROR: Unable to download video subtitles for 'en': HTTP Error 429: Too Many Requests

[info] 完成: 成功 1, 失败 28